Archive member included to satisfy reference by file (symbol)

c:/st/stm32cubeide_1.11.0/stm32cubeide/plugins/com.st.stm32cube.ide.mcu.externaltools.gnu-tools-for-stm32.10.3-2021.10.win32_1.0.200.202301161003/tools/bin/../lib/gcc/arm-none-eabi/10.3.1/../../../../arm-none-eabi/lib/thumb/v7-m/nofp\libc_nano.a(lib_a-errno.o)
                              ./Core/Src/syscalls.o (__errno)
c:/st/stm32cubeide_1.11.0/stm32cubeide/plugins/com.st.stm32cube.ide.mcu.externaltools.gnu-tools-for-stm32.10.3-2021.10.win32_1.0.200.202301161003/tools/bin/../lib/gcc/arm-none-eabi/10.3.1/../../../../arm-none-eabi/lib/thumb/v7-m/nofp\libc_nano.a(lib_a-exit.o)
                              c:/st/stm32cubeide_1.11.0/stm32cubeide/plugins/com.st.stm32cube.ide.mcu.externaltools.gnu-tools-for-stm32.10.3-2021.10.win32_1.0.200.202301161003/tools/bin/../lib/gcc/arm-none-eabi/10.3.1/../../../../arm-none-eabi/lib/thumb/v7-m/nofp/crt0.o (exit)
c:/st/stm32cubeide_1.11.0/stm32cubeide/plugins/com.st.stm32cube.ide.mcu.externaltools.gnu-tools-for-stm32.10.3-2021.10.win32_1.0.200.202301161003/tools/bin/../lib/gcc/arm-none-eabi/10.3.1/../../../../arm-none-eabi/lib/thumb/v7-m/nofp\libc_nano.a(lib_a-impure.o)
                              c:/st/stm32cubeide_1.11.0/stm32cubeide/plugins/com.st.stm32cube.ide.mcu.externaltools.gnu-tools-for-stm32.10.3-2021.10.win32_1.0.200.202301161003/tools/bin/../lib/gcc/arm-none-eabi/10.3.1/../../../../arm-none-eabi/lib/thumb/v7-m/nofp\libc_nano.a(lib_a-exit.o) (_global_impure_ptr)
c:/st/stm32cubeide_1.11.0/stm32cubeide/plugins/com.st.stm32cube.ide.mcu.externaltools.gnu-tools-for-stm32.10.3-2021.10.win32_1.0.200.202301161003/tools/bin/../lib/gcc/arm-none-eabi/10.3.1/../../../../arm-none-eabi/lib/thumb/v7-m/nofp\libc_nano.a(lib_a-init.o)
                              c:/st/stm32cubeide_1.11.0/stm32cubeide/plugins/com.st.stm32cube.ide.mcu.externaltools.gnu-tools-for-stm32.10.3-2021.10.win32_1.0.200.202301161003/tools/bin/../lib/gcc/arm-none-eabi/10.3.1/../../../../arm-none-eabi/lib/thumb/v7-m/nofp/crt0.o (__libc_init_array)
c:/st/stm32cubeide_1.11.0/stm32cubeide/plugins/com.st.stm32cube.ide.mcu.externaltools.gnu-tools-for-stm32.10.3-2021.10.win32_1.0.200.202301161003/tools/bin/../lib/gcc/arm-none-eabi/10.3.1/../../../../arm-none-eabi/lib/thumb/v7-m/nofp\libc_nano.a(lib_a-memset.o)
                              c:/st/stm32cubeide_1.11.0/stm32cubeide/plugins/com.st.stm32cube.ide.mcu.externaltools.gnu-tools-for-stm32.10.3-2021.10.win32_1.0.200.202301161003/tools/bin/../lib/gcc/arm-none-eabi/10.3.1/../../../../arm-none-eabi/lib/thumb/v7-m/nofp/crt0.o (memset)
c:/st/stm32cubeide_1.11.0/stm32cubeide/plugins/com.st.stm32cube.ide.mcu.externaltools.gnu-tools-for-stm32.10.3-2021.10.win32_1.0.200.202301161003/tools/bin/../lib/gcc/arm-none-eabi/10.3.1/thumb/v7-m/nofp\libgcc.a(_aeabi_uldivmod.o)
                              ./Drivers/STM32L1xx_HAL_Driver/Src/stm32l1xx_hal_rcc.o (__aeabi_uldivmod)
c:/st/stm32cubeide_1.11.0/stm32cubeide/plugins/com.st.stm32cube.ide.mcu.externaltools.gnu-tools-for-stm32.10.3-2021.10.win32_1.0.200.202301161003/tools/bin/../lib/gcc/arm-none-eabi/10.3.1/thumb/v7-m/nofp\libgcc.a(_udivmoddi4.o)
                              c:/st/stm32cubeide_1.11.0/stm32cubeide/plugins/com.st.stm32cube.ide.mcu.externaltools.gnu-tools-for-stm32.10.3-2021.10.win32_1.0.200.202301161003/tools/bin/../lib/gcc/arm-none-eabi/10.3.1/thumb/v7-m/nofp\libgcc.a(_aeabi_uldivmod.o) (__udivmoddi4)
c:/st/stm32cubeide_1.11.0/stm32cubeide/plugins/com.st.stm32cube.ide.mcu.externaltools.gnu-tools-for-stm32.10.3-2021.10.win32_1.0.200.202301161003/tools/bin/../lib/gcc/arm-none-eabi/10.3.1/thumb/v7-m/nofp\libgcc.a(_dvmd_tls.o)
                              c:/st/stm32cubeide_1.11.0/stm32cubeide/plugins/com.st.stm32cube.ide.mcu.externaltools.gnu-tools-for-stm32.10.3-2021.10.win32_1.0.200.202301161003/tools/bin/../lib/gcc/arm-none-eabi/10.3.1/thumb/v7-m/nofp\libgcc.a(_aeabi_uldivmod.o) (__aeabi_ldiv0)

Discarded input sections

 .text          0x0000000000000000        0x0 c:/st/stm32cubeide_1.11.0/stm32cubeide/plugins/com.st.stm32cube.ide.mcu.externaltools.gnu-tools-for-stm32.10.3-2021.10.win32_1.0.200.202301161003/tools/bin/../lib/gcc/arm-none-eabi/10.3.1/thumb/v7-m/nofp/crti.o
 .data          0x0000000000000000        0x0 c:/st/stm32cubeide_1.11.0/stm32cubeide/plugins/com.st.stm32cube.ide.mcu.externaltools.gnu-tools-for-stm32.10.3-2021.10.win32_1.0.200.202301161003/tools/bin/../lib/gcc/arm-none-eabi/10.3.1/thumb/v7-m/nofp/crti.o
 .bss           0x0000000000000000        0x0 c:/st/stm32cubeide_1.11.0/stm32cubeide/plugins/com.st.stm32cube.ide.mcu.externaltools.gnu-tools-for-stm32.10.3-2021.10.win32_1.0.200.202301161003/tools/bin/../lib/gcc/arm-none-eabi/10.3.1/thumb/v7-m/nofp/crti.o
 .data          0x0000000000000000        0x4 c:/st/stm32cubeide_1.11.0/stm32cubeide/plugins/com.st.stm32cube.ide.mcu.externaltools.gnu-tools-for-stm32.10.3-2021.10.win32_1.0.200.202301161003/tools/bin/../lib/gcc/arm-none-eabi/10.3.1/thumb/v7-m/nofp/crtbegin.o
[...]
Memory Configuration

Name             Origin             Length             Attributes
RAM              0x0000000020000000 0x0000000000014000 xrw
FLASH            0x0000000008000000 0x0000000000080000 xr
*default*        0x0000000000000000 0xffffffffffffffff

Linker script and memory map

LOAD c:/st/stm32cubeide_1.11.0/stm32cubeide/plugins/com.st.stm32cube.ide.mcu.externaltools.gnu-tools-for-stm32.10.3-2021.10.win32_1.0.200.202301161003/tools/bin/../lib/gcc/arm-none-eabi/10.3.1/thumb/v7-m/nofp/crti.o
LOAD c:/st/stm32cubeide_1.11.0/stm32cubeide/plugins/com.st.stm32cube.ide.mcu.externaltools.gnu-tools-for-stm32.10.3-2021.10.win32_1.0.200.202301161003/tools/bin/../lib/gcc/arm-none-eabi/10.3.1/thumb/v7-m/nofp/crtbegin.o
LOAD c:/st/stm32cubeide_1.11.0/stm32cubeide/plugins/com.st.stm32cube.ide.mcu.externaltools.gnu-tools-for-stm32.10.3-2021.10.win32_1.0.200.202301161003/tools/bin/../lib/gcc/arm-none-eabi/10.3.1/../../../../arm-none-eabi/lib/thumb/v7-m/nofp/crt0.o
LOAD ./Core/Pong/pong.o
LOAD ./Core/Src/main.o
LOAD ./Core/Src/stm32l1xx_hal_msp.o
LOAD ./Core/Src/stm32l1xx_hal_timebase_tim.o
LOAD ./Core/Src/stm32l1xx_it.o
LOAD ./Core/Src/syscalls.o
LOAD ./Core/Src/sysmem.o
LOAD ./Core/Src/system_stm32l1xx.o
LOAD ./Core/Startup/startup_stm32l152retx.o
LOAD ./Drivers/LED-Array/led_array.o
LOAD ./Drivers/MAX7219/max7219.o
LOAD ./Drivers/STM32L1xx_HAL_Driver/Src/stm32l1xx_hal.o
LOAD ./Drivers/STM32L1xx_HAL_Driver/Src/stm32l1xx_hal_cortex.o
LOAD ./Drivers/STM32L1xx_HAL_Driver/Src/stm32l1xx_hal_dma.o
LOAD ./Drivers/STM32L1xx_HAL_Driver/Src/stm32l1xx_hal_exti.o
LOAD ./Drivers/STM32L1xx_HAL_Driver/Src/stm32l1xx_hal_flash.o
LOAD ./Drivers/STM32L1xx_HAL_Driver/Src/stm32l1xx_hal_flash_ex.o
LOAD ./Drivers/STM32L1xx_HAL_Driver/Src/stm32l1xx_hal_flash_ramfunc.o
LOAD ./Drivers/STM32L1xx_HAL_Driver/Src/stm32l1xx_hal_gpio.o
LOAD ./Drivers/STM32L1xx_HAL_Driver/Src/stm32l1xx_hal_pwr.o
LOAD ./Drivers/STM32L1xx_HAL_Driver/Src/stm32l1xx_hal_pwr_ex.o
LOAD ./Drivers/STM32L1xx_HAL_Driver/Src/stm32l1xx_hal_rcc.o
LOAD ./Drivers/STM32L1xx_HAL_Driver/Src/stm32l1xx_hal_rcc_ex.o
LOAD ./Drivers/STM32L1xx_HAL_Driver/Src/stm32l1xx_hal_spi.o
LOAD ./Drivers/STM32L1xx_HAL_Driver/Src/stm32l1xx_hal_tim.o
LOAD ./Drivers/STM32L1xx_HAL_Driver/Src/stm32l1xx_hal_tim_ex.o
LOAD ./Drivers/Timer/timer.o
START GROUP
LOAD c:/st/stm32cubeide_1.11.0/stm32cubeide/plugins/com.st.stm32cube.ide.mcu.externaltools.gnu-tools-for-stm32.10.3-2021.10.win32_1.0.200.202301161003/tools/bin/../lib/gcc/arm-none-eabi/10.3.1/../../../../arm-none-eabi/lib/thumb/v7-m/nofp\libc_nano.a
LOAD c:/st/stm32cubeide_1.11.0/stm32cubeide/plugins/com.st.stm32cube.ide.mcu.externaltools.gnu-tools-for-stm32.10.3-2021.10.win32_1.0.200.202301161003/tools/bin/../lib/gcc/arm-none-eabi/10.3.1/../../../../arm-none-eabi/lib/thumb/v7-m/nofp\libm.a
END GROUP
START GROUP
LOAD c:/st/stm32cubeide_1.11.0/stm32cubeide/plugins/com.st.stm32cube.ide.mcu.externaltools.gnu-tools-for-stm32.10.3-2021.10.win32_1.0.200.202301161003/tools/bin/../lib/gcc/arm-none-eabi/10.3.1/thumb/v7-m/nofp\libgcc.a
LOAD c:/st/stm32cubeide_1.11.0/stm32cubeide/plugins/com.st.stm32cube.ide.mcu.externaltools.gnu-tools-for-stm32.10.3-2021.10.win32_1.0.200.202301161003/tools/bin/../lib/gcc/arm-none-eabi/10.3.1/../../../../arm-none-eabi/lib/thumb/v7-m/nofp\libc_nano.a
END GROUP
START GROUP
LOAD c:/st/stm32cubeide_1.11.0/stm32cubeide/plugins/com.st.stm32cube.ide.mcu.externaltools.gnu-tools-for-stm32.10.3-2021.10.win32_1.0.200.202301161003/tools/bin/../lib/gcc/arm-none-eabi/10.3.1/thumb/v7-m/nofp\libgcc.a
LOAD c:/st/stm32cubeide_1.11.0/stm32cubeide/plugins/com.st.stm32cube.ide.mcu.externaltools.gnu-tools-for-stm32.10.3-2021.10.win32_1.0.200.202301161003/tools/bin/../lib/gcc/arm-none-eabi/10.3.1/../../../../arm-none-eabi/lib/thumb/v7-m/nofp\libc_nano.a
LOAD c:/st/stm32cubeide_1.11.0/stm32cubeide/plugins/com.st.stm32cube.ide.mcu.externaltools.gnu-tools-for-stm32.10.3-2021.10.win32_1.0.200.202301161003/tools/bin/../lib/gcc/arm-none-eabi/10.3.1/../../../../arm-none-eabi/lib/thumb/v7-m/nofp\libnosys.a
END GROUP
START GROUP
LOAD c:/st/stm32cubeide_1.11.0/stm32cubeide/plugins/com.st.stm32cube.ide.mcu.externaltools.gnu-tools-for-stm32.10.3-2021.10.win32_1.0.200.202301161003/tools/bin/../lib/gcc/arm-none-eabi/10.3.1/thumb/v7-m/nofp\libgcc.a
LOAD c:/st/stm32cubeide_1.11.0/stm32cubeide/plugins/com.st.stm32cube.ide.mcu.externaltools.gnu-tools-for-stm32.10.3-2021.10.win32_1.0.200.202301161003/tools/bin/../lib/gcc/arm-none-eabi/10.3.1/../../../../arm-none-eabi/lib/thumb/v7-m/nofp\libc_nano.a
LOAD c:/st/stm32cubeide_1.11.0/stm32cubeide/plugins/com.st.stm32cube.ide.mcu.externaltools.gnu-tools-for-stm32.10.3-2021.10.win32_1.0.200.202301161003/tools/bin/../lib/gcc/arm-none-eabi/10.3.1/../../../../arm-none-eabi/lib/thumb/v7-m/nofp\libnosys.a
END GROUP
LOAD c:/st/stm32cubeide_1.11.0/stm32cubeide/plugins/com.st.stm32cube.ide.mcu.externaltools.gnu-tools-for-stm32.10.3-2021.10.win32_1.0.200.202301161003/tools/bin/../lib/gcc/arm-none-eabi/10.3.1/thumb/v7-m/nofp/crtend.o
LOAD c:/st/stm32cubeide_1.11.0/stm32cubeide/plugins/com.st.stm32cube.ide.mcu.externaltools.gnu-tools-for-stm32.10.3-2021.10.win32_1.0.200.202301161003/tools/bin/../lib/gcc/arm-none-eabi/10.3.1/thumb/v7-m/nofp/crtn.o
                0x0000000020014000                _estack = (ORIGIN (RAM) + LENGTH (RAM))
                0x0000000000000200                _Min_Heap_Size = 0x200
                0x0000000000000400                _Min_Stack_Size = 0x400

.isr_vector     0x0000000008000000      0x13c
                0x0000000008000000                . = ALIGN (0x4)
 *(.isr_vector)
 .isr_vector    0x0000000008000000      0x13c ./Core/Startup/startup_stm32l152retx.o
                0x0000000008000000                g_pfnVectors
                0x000000000800013c                . = ALIGN (0x4)

.text           0x000000000800013c     0x4618
                0x000000000800013c                . = ALIGN (0x4)
 *(.text)
 .text          0x000000000800013c       0x40 c:/st/stm32cubeide_1.11.0/stm32cubeide/plugins/com.st.stm32cube.ide.mcu.externaltools.gnu-tools-for-stm32.10.3-2021.10.win32_1.0.200.202301161003/tools/bin/../lib/gcc/arm-none-eabi/10.3.1/thumb/v7-m/nofp/crtbegin.o
 .text          0x000000000800017c       0x30 c:/st/stm32cubeide_1.11.0/stm32cubeide/plugins/com.st.stm32cube.ide.mcu.externaltools.gnu-tools-for-stm32.10.3-2021.10.win32_1.0.200.202301161003/tools/bin/../lib/gcc/arm-none-eabi/10.3.1/thumb/v7-m/nofp\libgcc.a(_aeabi_uldivmod.o)
                0x000000000800017c                __aeabi_uldivmod
 .text          0x00000000080001ac      0x2d4 c:/st/stm32cubeide_1.11.0/stm32cubeide/plugins/com.st.stm32cube.ide.mcu.externaltools.gnu-tools-for-stm32.10.3-2021.10.win32_1.0.200.202301161003/tools/bin/../lib/gcc/arm-none-eabi/10.3.1/thumb/v7-m/nofp\libgcc.a(_udivmoddi4.o)
                0x00000000080001ac                __udivmoddi4
 .text          0x0000000008000480        0x4 c:/st/stm32cubeide_1.11.0/stm32cubeide/plugins/com.st.stm32cube.ide.mcu.externaltools.gnu-tools-for-stm32.10.3-2021.10.win32_1.0.200.202301161003/tools/bin/../lib/gcc/arm-none-eabi/10.3.1/thumb/v7-m/nofp\libgcc.a(_dvmd_tls.o)
                0x0000000008000480                __aeabi_idiv0
                0x0000000008000480                __aeabi_ldiv0
 *(.text*)
 .text.set_new_state
                0x0000000008000484       0x6c ./Core/Pong/pong.o
 .text.pong_init
                0x00000000080004f0       0xc8 ./Core/Pong/pong.o
                0x00000000080004f0                pong_init
 .text.pong_run
                0x00000000080005b8      0x238 ./Core/Pong/pong.o
                0x00000000080005b8                pong_run
 .text.state_start
                0x00000000080007f0       0xbc ./Core/Pong/pong.o
                0x00000000080007f0                state_start
 .text.state_wpp1
                0x00000000080008ac       0x30 ./Core/Pong/pong.o
                0x00000000080008ac                state_wpp1
 .text.state_wpp2
                0x00000000080008dc       0x30 ./Core/Pong/pong.o
                0x00000000080008dc                state_wpp2
 .text.state_gtp1
                0x000000000800090c       0xa8 ./Core/Pong/pong.o
                0x000000000800090c                state_gtp1
 .text.state_gtp2
                0x00000000080009b4       0xa8 ./Core/Pong/pong.o
                0x00000000080009b4                state_gtp2
 .text.state_rpp1
                0x0000000008000a5c       0x30 ./Core/Pong/pong.o
                0x0000000008000a5c                state_rpp1
 .text.state_rpp2
                0x0000000008000a8c       0x30 ./Core/Pong/pong.o
                0x0000000008000a8c                state_rpp2
 .text.state_ip1s
                0x0000000008000abc       0xa4 ./Core/Pong/pong.o
                0x0000000008000abc                state_ip1s
 .text.state_ip2s
                0x0000000008000b60       0xa8 ./Core/Pong/pong.o
                0x0000000008000b60                state_ip2s
 .text.state_p1wn
                0x0000000008000c08      0x2d4 ./Core/Pong/pong.o
                0x0000000008000c08                state_p1wn
 .text.state_p2wn
                0x0000000008000edc      0x2d8 ./Core/Pong/pong.o
                0x0000000008000edc                state_p2wn
 .text.HAL_GPIO_EXTI_Callback
                0x00000000080011b4       0x44 ./Core/Pong/pong.o
                0x00000000080011b4                HAL_GPIO_EXTI_Callback
 .text.main     0x00000000080011f8       0xe4 ./Core/Src/main.o
                0x00000000080011f8                main
 .text.SystemClock_Config
                0x00000000080012dc       0x9c ./Core/Src/main.o
                0x00000000080012dc                SystemClock_Config
 .text.MX_SPI1_Init
                0x0000000008001378       0x6c ./Core/Src/main.o
 .text.MX_TIM3_Init
                0x00000000080013e4       0xac ./Core/Src/main.o
 .text.MX_TIM4_Init
                0x0000000008001490       0xc8 ./Core/Src/main.o
 .text.MX_GPIO_Init
                0x0000000008001558       0xf4 ./Core/Src/main.o
 .text.HAL_TIM_PeriodElapsedCallback
                0x000000000800164c       0x1e ./Core/Src/main.o
                0x000000000800164c                HAL_TIM_PeriodElapsedCallback
 .text.Error_Handler
                0x000000000800166a        0xa ./Core/Src/main.o
                0x000000000800166a                Error_Handler
 .text.HAL_MspInit
                0x0000000008001674       0x5c ./Core/Src/stm32l1xx_hal_msp.o
                0x0000000008001674                HAL_MspInit
 .text.HAL_SPI_MspInit
                0x00000000080016d0       0x88 ./Core/Src/stm32l1xx_hal_msp.o
                0x00000000080016d0                HAL_SPI_MspInit
 .text.HAL_TIM_PWM_MspInit
                0x0000000008001758       0x3c ./Core/Src/stm32l1xx_hal_msp.o
                0x0000000008001758                HAL_TIM_PWM_MspInit
 .text.HAL_TIM_Base_MspInit
                0x0000000008001794       0x4c ./Core/Src/stm32l1xx_hal_msp.o
                0x0000000008001794                HAL_TIM_Base_MspInit
 .text.HAL_TIM_MspPostInit
                0x00000000080017e0       0x70 ./Core/Src/stm32l1xx_hal_msp.o
                0x00000000080017e0                HAL_TIM_MspPostInit
 .text.HAL_InitTick
                0x0000000008001850       0xf4 ./Core/Src/stm32l1xx_hal_timebase_tim.o
                0x0000000008001850                HAL_InitTick
 .text.NMI_Handler
                0x0000000008001944        0x6 ./Core/Src/stm32l1xx_it.o
                0x0000000008001944                NMI_Handler
 .text.HardFault_Handler
                0x000000000800194a        0x6 ./Core/Src/stm32l1xx_it.o
                0x000000000800194a                HardFault_Handler
 .text.MemManage_Handler
                0x0000000008001950        0x6 ./Core/Src/stm32l1xx_it.o
                0x0000000008001950                MemManage_Handler
 .text.BusFault_Handler
                0x0000000008001956        0x6 ./Core/Src/stm32l1xx_it.o
                0x0000000008001956                BusFault_Handler
 .text.UsageFault_Handler
                0x000000000800195c        0x6 ./Core/Src/stm32l1xx_it.o
                0x000000000800195c                UsageFault_Handler
 .text.SVC_Handler
                0x0000000008001962        0xc ./Core/Src/stm32l1xx_it.o
                0x0000000008001962                SVC_Handler
 .text.DebugMon_Handler
                0x000000000800196e        0xc ./Core/Src/stm32l1xx_it.o
                0x000000000800196e                DebugMon_Handler
 .text.PendSV_Handler
                0x000000000800197a        0xc ./Core/Src/stm32l1xx_it.o
                0x000000000800197a                PendSV_Handler
 .text.SysTick_Handler
                0x0000000008001986        0xc ./Core/Src/stm32l1xx_it.o
                0x0000000008001986                SysTick_Handler
 *fill*         0x0000000008001992        0x2 
 .text.TIM2_IRQHandler
                0x0000000008001994       0x14 ./Core/Src/stm32l1xx_it.o
                0x0000000008001994                TIM2_IRQHandler
 .text.TIM4_IRQHandler
                0x00000000080019a8       0x14 ./Core/Src/stm32l1xx_it.o
                0x00000000080019a8                TIM4_IRQHandler
 .text.EXTI15_10_IRQHandler
                0x00000000080019bc       0x18 ./Core/Src/stm32l1xx_it.o
                0x00000000080019bc                EXTI15_10_IRQHandler
 .text.SystemInit
                0x00000000080019d4        0xc ./Core/Src/system_stm32l1xx.o
                0x00000000080019d4                SystemInit
 .text.Reset_Handler
                0x00000000080019e0       0x48 ./Core/Startup/startup_stm32l152retx.o
                0x00000000080019e0                Reset_Handler
 .text.Default_Handler
                0x0000000008001a28        0x2 ./Core/Startup/startup_stm32l152retx.o
                0x0000000008001a28                RTC_Alarm_IRQHandler
                0x0000000008001a28                EXTI2_IRQHandler
                0x0000000008001a28                COMP_ACQ_IRQHandler
                0x0000000008001a28                TIM10_IRQHandler
                0x0000000008001a28                USB_HP_IRQHandler
                0x0000000008001a28                TIM6_IRQHandler
                0x0000000008001a28                PVD_IRQHandler
                0x0000000008001a28                EXTI3_IRQHandler
                0x0000000008001a28                EXTI0_IRQHandler
                0x0000000008001a28                I2C2_EV_IRQHandler
                0x0000000008001a28                SPI1_IRQHandler
                0x0000000008001a28                USB_FS_WKUP_IRQHandler
                0x0000000008001a28                DMA2_Channel2_IRQHandler
                0x0000000008001a28                DMA1_Channel4_IRQHandler
                0x0000000008001a28                ADC1_IRQHandler
                0x0000000008001a28                USART3_IRQHandler
                0x0000000008001a28                DMA1_Channel7_IRQHandler
                0x0000000008001a28                LCD_IRQHandler
                0x0000000008001a28                UART5_IRQHandler
                0x0000000008001a28                DMA2_Channel1_IRQHandler
                0x0000000008001a28                I2C1_EV_IRQHandler
                0x0000000008001a28                DMA1_Channel6_IRQHandler
                0x0000000008001a28                UART4_IRQHandler
                0x0000000008001a28                DMA2_Channel4_IRQHandler
                0x0000000008001a28                TIM3_IRQHandler
                0x0000000008001a28                RCC_IRQHandler
                0x0000000008001a28                DMA1_Channel1_IRQHandler
                0x0000000008001a28                Default_Handler
                0x0000000008001a28                TIM7_IRQHandler
                0x0000000008001a28                TIM5_IRQHandler
                0x0000000008001a28                EXTI9_5_IRQHandler
                0x0000000008001a28                TIM9_IRQHandler
                0x0000000008001a28                TAMPER_STAMP_IRQHandler
                0x0000000008001a28                RTC_WKUP_IRQHandler
                0x0000000008001a28                SPI2_IRQHandler
                0x0000000008001a28                DMA2_Channel5_IRQHandler
                0x0000000008001a28                DMA1_Channel5_IRQHandler
                0x0000000008001a28                USB_LP_IRQHandler
                0x0000000008001a28                EXTI4_IRQHandler
                0x0000000008001a28                DMA1_Channel3_IRQHandler
                0x0000000008001a28                COMP_IRQHandler
                0x0000000008001a28                WWDG_IRQHandler
                0x0000000008001a28                DAC_IRQHandler
                0x0000000008001a28                EXTI1_IRQHandler
                0x0000000008001a28                TIM11_IRQHandler
                0x0000000008001a28                USART2_IRQHandler
                0x0000000008001a28                I2C2_ER_IRQHandler
                0x0000000008001a28                DMA1_Channel2_IRQHandler
                0x0000000008001a28                FLASH_IRQHandler
                0x0000000008001a28                USART1_IRQHandler
                0x0000000008001a28                SPI3_IRQHandler
                0x0000000008001a28                I2C1_ER_IRQHandler
                0x0000000008001a28                DMA2_Channel3_IRQHandler
 *fill*         0x0000000008001a2a        0x2 
 .text.led_array_init
                0x0000000008001a2c       0x34 ./Drivers/LED-Array/led_array.o
                0x0000000008001a2c                led_array_init
 .text.write_array
                0x0000000008001a60       0x60 ./Drivers/LED-Array/led_array.o
                0x0000000008001a60                write_array
 .text.clear_array
                0x0000000008001ac0       0x40 ./Drivers/LED-Array/led_array.o
                0x0000000008001ac0                clear_array
 .text.max7219_transmit
                0x0000000008001b00       0x70 ./Drivers/MAX7219/max7219.o
 .text.max7219_init
                0x0000000008001b70       0xbc ./Drivers/MAX7219/max7219.o
                0x0000000008001b70                max7219_init
 .text.max7219_display_no_decode
                0x0000000008001c2c       0x7c ./Drivers/MAX7219/max7219.o
                0x0000000008001c2c                max7219_display_no_decode
 .text.max7219_erase_no_decode
                0x0000000008001ca8       0x7c ./Drivers/MAX7219/max7219.o
                0x0000000008001ca8                max7219_erase_no_decode
 .text.max7219_erase_decode
                0x0000000008001d24       0x7c ./Drivers/MAX7219/max7219.o
                0x0000000008001d24                max7219_erase_decode
 .text.set_7segment
                0x0000000008001da0       0x38 ./Drivers/MAX7219/max7219.o
                0x0000000008001da0                set_7segment
 .text.callback_display
                0x0000000008001dd8       0x48 ./Drivers/MAX7219/max7219.o
                0x0000000008001dd8                callback_display
 .text.display_on_7segments
                0x0000000008001e20      0x318 ./Drivers/MAX7219/max7219.o
                0x0000000008001e20                display_on_7segments
 .text.HAL_Init
                0x0000000008002138       0x30 ./Drivers/STM32L1xx_HAL_Driver/Src/stm32l1xx_hal.o
                0x0000000008002138                HAL_Init
 .text.HAL_IncTick
                0x0000000008002168       0x24 ./Drivers/STM32L1xx_HAL_Driver/Src/stm32l1xx_hal.o
                0x0000000008002168                HAL_IncTick
 .text.HAL_GetTick
                0x000000000800218c       0x14 ./Drivers/STM32L1xx_HAL_Driver/Src/stm32l1xx_hal.o
                0x000000000800218c                HAL_GetTick
 .text.__NVIC_SetPriorityGrouping
                0x00000000080021a0       0x48 ./Drivers/STM32L1xx_HAL_Driver/Src/stm32l1xx_hal_cortex.o
 .text.__NVIC_GetPriorityGrouping
                0x00000000080021e8       0x1c ./Drivers/STM32L1xx_HAL_Driver/Src/stm32l1xx_hal_cortex.o
 .text.__NVIC_EnableIRQ
                0x0000000008002204       0x38 ./Drivers/STM32L1xx_HAL_Driver/Src/stm32l1xx_hal_cortex.o
 .text.__NVIC_SetPriority
                0x000000000800223c       0x54 ./Drivers/STM32L1xx_HAL_Driver/Src/stm32l1xx_hal_cortex.o
 .text.NVIC_EncodePriority
                0x0000000008002290       0x64 ./Drivers/STM32L1xx_HAL_Driver/Src/stm32l1xx_hal_cortex.o
 .text.HAL_NVIC_SetPriorityGrouping
                0x00000000080022f4       0x16 ./Drivers/STM32L1xx_HAL_Driver/Src/stm32l1xx_hal_cortex.o
                0x00000000080022f4                HAL_NVIC_SetPriorityGrouping
 .text.HAL_NVIC_SetPriority
                0x000000000800230a       0x38 ./Drivers/STM32L1xx_HAL_Driver/Src/stm32l1xx_hal_cortex.o
                0x000000000800230a                HAL_NVIC_SetPriority
 .text.HAL_NVIC_EnableIRQ
                0x0000000008002342       0x1c ./Drivers/STM32L1xx_HAL_Driver/Src/stm32l1xx_hal_cortex.o
                0x0000000008002342                HAL_NVIC_EnableIRQ
 *fill*         0x000000000800235e        0x2 
 .text.HAL_GPIO_Init
                0x0000000008002360      0x320 ./Drivers/STM32L1xx_HAL_Driver/Src/stm32l1xx_hal_gpio.o
                0x0000000008002360                HAL_GPIO_Init
 .text.HAL_GPIO_WritePin
                0x0000000008002680       0x30 ./Drivers/STM32L1xx_HAL_Driver/Src/stm32l1xx_hal_gpio.o
                0x0000000008002680                HAL_GPIO_WritePin
 .text.HAL_GPIO_EXTI_IRQHandler
                0x00000000080026b0       0x30 ./Drivers/STM32L1xx_HAL_Driver/Src/stm32l1xx_hal_gpio.o
                0x00000000080026b0                HAL_GPIO_EXTI_IRQHandler
 .text.HAL_RCC_OscConfig
                0x00000000080026e0      0x660 ./Drivers/STM32L1xx_HAL_Driver/Src/stm32l1xx_hal_rcc.o
                0x00000000080026e0                HAL_RCC_OscConfig
 .text.HAL_RCC_ClockConfig
                0x0000000008002d40      0x268 ./Drivers/STM32L1xx_HAL_Driver/Src/stm32l1xx_hal_rcc.o
                0x0000000008002d40                HAL_RCC_ClockConfig
 .text.HAL_RCC_GetSysClockFreq
                0x0000000008002fa8      0x17c ./Drivers/STM32L1xx_HAL_Driver/Src/stm32l1xx_hal_rcc.o
                0x0000000008002fa8                HAL_RCC_GetSysClockFreq
 .text.HAL_RCC_GetHCLKFreq
                0x0000000008003124       0x14 ./Drivers/STM32L1xx_HAL_Driver/Src/stm32l1xx_hal_rcc.o
                0x0000000008003124                HAL_RCC_GetHCLKFreq
 .text.HAL_RCC_GetPCLK1Freq
                0x0000000008003138       0x28 ./Drivers/STM32L1xx_HAL_Driver/Src/stm32l1xx_hal_rcc.o
                0x0000000008003138                HAL_RCC_GetPCLK1Freq
 .text.HAL_RCC_GetClockConfig
                0x0000000008003160       0x60 ./Drivers/STM32L1xx_HAL_Driver/Src/stm32l1xx_hal_rcc.o
                0x0000000008003160                HAL_RCC_GetClockConfig
 .text.RCC_SetFlashLatencyFromMSIRange
                0x00000000080031c0       0xc0 ./Drivers/STM32L1xx_HAL_Driver/Src/stm32l1xx_hal_rcc.o
 .text.HAL_SPI_Init
                0x0000000008003280      0x112 ./Drivers/STM32L1xx_HAL_Driver/Src/stm32l1xx_hal_spi.o
                0x0000000008003280                HAL_SPI_Init
 .text.HAL_SPI_Transmit
                0x0000000008003392      0x278 ./Drivers/STM32L1xx_HAL_Driver/Src/stm32l1xx_hal_spi.o
                0x0000000008003392                HAL_SPI_Transmit
 *fill*         0x000000000800360a        0x2 
 .text.SPI_WaitFlagStateUntilTimeout
                0x000000000800360c      0x110 ./Drivers/STM32L1xx_HAL_Driver/Src/stm32l1xx_hal_spi.o
 .text.SPI_EndRxTxTransaction
                0x000000000800371c       0x84 ./Drivers/STM32L1xx_HAL_Driver/Src/stm32l1xx_hal_spi.o
 .text.HAL_TIM_Base_Init
                0x00000000080037a0       0x7e ./Drivers/STM32L1xx_HAL_Driver/Src/stm32l1xx_hal_tim.o
                0x00000000080037a0                HAL_TIM_Base_Init
 *fill*         0x000000000800381e        0x2 
 .text.HAL_TIM_Base_Start_IT
                0x0000000008003820       0xa4 ./Drivers/STM32L1xx_HAL_Driver/Src/stm32l1xx_hal_tim.o
                0x0000000008003820                HAL_TIM_Base_Start_IT
 .text.HAL_TIM_PWM_Init
                0x00000000080038c4       0x7e ./Drivers/STM32L1xx_HAL_Driver/Src/stm32l1xx_hal_tim.o
                0x00000000080038c4                HAL_TIM_PWM_Init
 *fill*         0x0000000008003942        0x2 
 .text.HAL_TIM_PWM_Start
                0x0000000008003944      0x12c ./Drivers/STM32L1xx_HAL_Driver/Src/stm32l1xx_hal_tim.o
                0x0000000008003944                HAL_TIM_PWM_Start
 .text.HAL_TIM_IRQHandler
                0x0000000008003a70      0x1b8 ./Drivers/STM32L1xx_HAL_Driver/Src/stm32l1xx_hal_tim.o
                0x0000000008003a70                HAL_TIM_IRQHandler
 .text.HAL_TIM_PWM_ConfigChannel
                0x0000000008003c28      0x17c ./Drivers/STM32L1xx_HAL_Driver/Src/stm32l1xx_hal_tim.o
                0x0000000008003c28                HAL_TIM_PWM_ConfigChannel
 .text.HAL_TIM_ConfigClockSource
                0x0000000008003da4      0x188 ./Drivers/STM32L1xx_HAL_Driver/Src/stm32l1xx_hal_tim.o
                0x0000000008003da4                HAL_TIM_ConfigClockSource
 .text.HAL_TIM_SlaveConfigSynchro
                0x0000000008003f2c       0x84 ./Drivers/STM32L1xx_HAL_Driver/Src/stm32l1xx_hal_tim.o
                0x0000000008003f2c                HAL_TIM_SlaveConfigSynchro
 .text.HAL_TIM_OC_DelayElapsedCallback
                0x0000000008003fb0       0x12 ./Drivers/STM32L1xx_HAL_Driver/Src/stm32l1xx_hal_tim.o
                0x0000000008003fb0                HAL_TIM_OC_DelayElapsedCallback
 .text.HAL_TIM_IC_CaptureCallback
                0x0000000008003fc2       0x12 ./Drivers/STM32L1xx_HAL_Driver/Src/stm32l1xx_hal_tim.o
                0x0000000008003fc2                HAL_TIM_IC_CaptureCallback
 .text.HAL_TIM_PWM_PulseFinishedCallback
                0x0000000008003fd4       0x12 ./Drivers/STM32L1xx_HAL_Driver/Src/stm32l1xx_hal_tim.o
                0x0000000008003fd4                HAL_TIM_PWM_PulseFinishedCallback
 .text.HAL_TIM_TriggerCallback
                0x0000000008003fe6       0x12 ./Drivers/STM32L1xx_HAL_Driver/Src/stm32l1xx_hal_tim.o
                0x0000000008003fe6                HAL_TIM_TriggerCallback
 .text.TIM_Base_SetConfig
                0x0000000008003ff8       0xe0 ./Drivers/STM32L1xx_HAL_Driver/Src/stm32l1xx_hal_tim.o
 .text.TIM_OC1_SetConfig
                0x00000000080040d8       0x78 ./Drivers/STM32L1xx_HAL_Driver/Src/stm32l1xx_hal_tim.o
 .text.TIM_OC2_SetConfig
                0x0000000008004150       0x7c ./Drivers/STM32L1xx_HAL_Driver/Src/stm32l1xx_hal_tim.o
 .text.TIM_OC3_SetConfig
                0x00000000080041cc       0x7a ./Drivers/STM32L1xx_HAL_Driver/Src/stm32l1xx_hal_tim.o
 .text.TIM_OC4_SetConfig
                0x0000000008004246       0x7c ./Drivers/STM32L1xx_HAL_Driver/Src/stm32l1xx_hal_tim.o
 .text.TIM_SlaveTimer_SetConfig
                0x00000000080042c2      0x11c ./Drivers/STM32L1xx_HAL_Driver/Src/stm32l1xx_hal_tim.o
 .text.TIM_TI1_ConfigInputStage
                0x00000000080043de       0x5c ./Drivers/STM32L1xx_HAL_Driver/Src/stm32l1xx_hal_tim.o
 .text.TIM_TI2_ConfigInputStage
                0x000000000800443a       0x5e ./Drivers/STM32L1xx_HAL_Driver/Src/stm32l1xx_hal_tim.o
 .text.TIM_ITRx_SetConfig
                0x0000000008004498       0x34 ./Drivers/STM32L1xx_HAL_Driver/Src/stm32l1xx_hal_tim.o
 .text.TIM_ETR_SetConfig
                0x00000000080044cc       0x3e ./Drivers/STM32L1xx_HAL_Driver/Src/stm32l1xx_hal_tim.o
 .text.TIM_CCxChannelCmd
                0x000000000800450a       0x48 ./Drivers/STM32L1xx_HAL_Driver/Src/stm32l1xx_hal_tim.o
 *fill*         0x0000000008004552        0x2 
 .text.HAL_TIMEx_MasterConfigSynchronization
                0x0000000008004554       0xbc ./Drivers/STM32L1xx_HAL_Driver/Src/stm32l1xx_hal_tim_ex.o
                0x0000000008004554                HAL_TIMEx_MasterConfigSynchronization
 .text.timer_init
                0x0000000008004610       0x50 ./Drivers/Timer/timer.o
                0x0000000008004610                timer_init
 .text.set_interrupt_launcher
                0x0000000008004660       0x54 ./Drivers/Timer/timer.o
                0x0000000008004660                set_interrupt_launcher
 .text.start_timer
                0x00000000080046b4       0x18 ./Drivers/Timer/timer.o
                0x00000000080046b4                start_timer
 .text.stop_timer
                0x00000000080046cc       0x18 ./Drivers/Timer/timer.o
                0x00000000080046cc                stop_timer
 .text.__libc_init_array
                0x00000000080046e4       0x48 c:/st/stm32cubeide_1.11.0/stm32cubeide/plugins/com.st.stm32cube.ide.mcu.externaltools.gnu-tools-for-stm32.10.3-2021.10.win32_1.0.200.202301161003/tools/bin/../lib/gcc/arm-none-eabi/10.3.1/../../../../arm-none-eabi/lib/thumb/v7-m/nofp\libc_nano.a(lib_a-init.o)
                0x00000000080046e4                __libc_init_array
 .text.memset   0x000000000800472c       0x10 c:/st/stm32cubeide_1.11.0/stm32cubeide/plugins/com.st.stm32cube.ide.mcu.externaltools.gnu-tools-for-stm32.10.3-2021.10.win32_1.0.200.202301161003/tools/bin/../lib/gcc/arm-none-eabi/10.3.1/../../../../arm-none-eabi/lib/thumb/v7-m/nofp\libc_nano.a(lib_a-memset.o)
                0x000000000800472c                memset
 *(.glue_7)
 .glue_7        0x000000000800473c        0x0 linker stubs
 *(.glue_7t)
 .glue_7t       0x000000000800473c        0x0 linker stubs
 *(.eh_frame)
 .eh_frame      0x000000000800473c        0x0 c:/st/stm32cubeide_1.11.0/stm32cubeide/plugins/com.st.stm32cube.ide.mcu.externaltools.gnu-tools-for-stm32.10.3-2021.10.win32_1.0.200.202301161003/tools/bin/../lib/gcc/arm-none-eabi/10.3.1/thumb/v7-m/nofp/crtbegin.o
 *(.init)
 .init          0x000000000800473c        0x4 c:/st/stm32cubeide_1.11.0/stm32cubeide/plugins/com.st.stm32cube.ide.mcu.externaltools.gnu-tools-for-stm32.10.3-2021.10.win32_1.0.200.202301161003/tools/bin/../lib/gcc/arm-none-eabi/10.3.1/thumb/v7-m/nofp/crti.o
                0x000000000800473c                _init
 .init          0x0000000008004740        0x8 c:/st/stm32cubeide_1.11.0/stm32cubeide/plugins/com.st.stm32cube.ide.mcu.externaltools.gnu-tools-for-stm32.10.3-2021.10.win32_1.0.200.202301161003/tools/bin/../lib/gcc/arm-none-eabi/10.3.1/thumb/v7-m/nofp/crtn.o
 *(.fini)
 .fini          0x0000000008004748        0x4 c:/st/stm32cubeide_1.11.0/stm32cubeide/plugins/com.st.stm32cube.ide.mcu.externaltools.gnu-tools-for-stm32.10.3-2021.10.win32_1.0.200.202301161003/tools/bin/../lib/gcc/arm-none-eabi/10.3.1/thumb/v7-m/nofp/crti.o
                0x0000000008004748                _fini
 .fini          0x000000000800474c        0x8 c:/st/stm32cubeide_1.11.0/stm32cubeide/plugins/com.st.stm32cube.ide.mcu.externaltools.gnu-tools-for-stm32.10.3-2021.10.win32_1.0.200.202301161003/tools/bin/../lib/gcc/arm-none-eabi/10.3.1/thumb/v7-m/nofp/crtn.o
                0x0000000008004754                . = ALIGN (0x4)
                0x0000000008004754                _etext = .

.vfp11_veneer   0x0000000008004754        0x0
 .vfp11_veneer  0x0000000008004754        0x0 linker stubs

.v4_bx          0x0000000008004754        0x0
 .v4_bx         0x0000000008004754        0x0 linker stubs

.iplt           0x0000000008004754        0x0
 .iplt          0x0000000008004754        0x0 c:/st/stm32cubeide_1.11.0/stm32cubeide/plugins/com.st.stm32cube.ide.mcu.externaltools.gnu-tools-for-stm32.10.3-2021.10.win32_1.0.200.202301161003/tools/bin/../lib/gcc/arm-none-eabi/10.3.1/thumb/v7-m/nofp/crtbegin.o

.rodata         0x0000000008004754       0x88
                0x0000000008004754                . = ALIGN (0x4)
 *(.rodata)
 .rodata        0x0000000008004754       0x15 ./Core/Pong/pong.o
 *fill*         0x0000000008004769        0x3 
 .rodata        0x000000000800476c       0x40 ./Core/Src/main.o
 *(.rodata*)
 .rodata.PLLMulTable
                0x00000000080047ac        0x9 ./Core/Src/system_stm32l1xx.o
                0x00000000080047ac                PLLMulTable
 *fill*         0x00000000080047b5        0x3 
 .rodata.AHBPrescTable
                0x00000000080047b8       0x10 ./Core/Src/system_stm32l1xx.o
                0x00000000080047b8                AHBPrescTable
 .rodata.APBPrescTable
                0x00000000080047c8        0x8 ./Core/Src/system_stm32l1xx.o
                0x00000000080047c8                APBPrescTable
 .rodata.function_list
                0x00000000080047d0        0xc ./Drivers/Timer/timer.o
                0x00000000080047dc                . = ALIGN (0x4)

.ARM.extab      0x00000000080047dc        0x0
                0x00000000080047dc                . = ALIGN (0x4)
 *(.ARM.extab* .gnu.linkonce.armextab.*)
                0x00000000080047dc                . = ALIGN (0x4)

.ARM            0x00000000080047dc        0x8
                0x00000000080047dc                . = ALIGN (0x4)
                0x00000000080047dc                __exidx_start = .
 *(.ARM.exidx*)
 .ARM.exidx     0x00000000080047dc        0x8 c:/st/stm32cubeide_1.11.0/stm32cubeide/plugins/com.st.stm32cube.ide.mcu.externaltools.gnu-tools-for-stm32.10.3-2021.10.win32_1.0.200.202301161003/tools/bin/../lib/gcc/arm-none-eabi/10.3.1/thumb/v7-m/nofp\libgcc.a(_udivmoddi4.o)
                0x00000000080047e4                __exidx_end = .
                0x00000000080047e4                . = ALIGN (0x4)

.rel.dyn        0x00000000080047e4        0x0
 .rel.iplt      0x00000000080047e4        0x0 c:/st/stm32cubeide_1.11.0/stm32cubeide/plugins/com.st.stm32cube.ide.mcu.externaltools.gnu-tools-for-stm32.10.3-2021.10.win32_1.0.200.202301161003/tools/bin/../lib/gcc/arm-none-eabi/10.3.1/thumb/v7-m/nofp/crtbegin.o

.preinit_array  0x00000000080047e4        0x0
                0x00000000080047e4                . = ALIGN (0x4)
                0x00000000080047e4                PROVIDE (__preinit_array_start = .)
 *(.preinit_array*)
                0x00000000080047e4                PROVIDE (__preinit_array_end = .)
                0x00000000080047e4                . = ALIGN (0x4)

.init_array     0x00000000080047e4        0x4
                0x00000000080047e4                . = ALIGN (0x4)
                0x00000000080047e4                PROVIDE (__init_array_start = .)
 *(SORT_BY_NAME(.init_array.*))
 *(.init_array*)
 .init_array    0x00000000080047e4        0x4 c:/st/stm32cubeide_1.11.0/stm32cubeide/plugins/com.st.stm32cube.ide.mcu.externaltools.gnu-tools-for-stm32.10.3-2021.10.win32_1.0.200.202301161003/tools/bin/../lib/gcc/arm-none-eabi/10.3.1/thumb/v7-m/nofp/crtbegin.o
                0x00000000080047e8                PROVIDE (__init_array_end = .)
                0x00000000080047e8                . = ALIGN (0x4)

.fini_array     0x00000000080047e8        0x4
                0x00000000080047e8                . = ALIGN (0x4)
                [!provide]                        PROVIDE (__fini_array_start = .)
 *(SORT_BY_NAME(.fini_array.*))
 *(.fini_array*)
 .fini_array    0x00000000080047e8        0x4 c:/st/stm32cubeide_1.11.0/stm32cubeide/plugins/com.st.stm32cube.ide.mcu.externaltools.gnu-tools-for-stm32.10.3-2021.10.win32_1.0.200.202301161003/tools/bin/../lib/gcc/arm-none-eabi/10.3.1/thumb/v7-m/nofp/crtbegin.o
                [!provide]                        PROVIDE (__fini_array_end = .)
                0x00000000080047ec                . = ALIGN (0x4)
                0x00000000080047ec                _sidata = LOADADDR (.data)

.data           0x0000000020000000       0x70 load address 0x00000000080047ec
                0x0000000020000000                . = ALIGN (0x4)
                0x0000000020000000                _sdata = .
 *(.data)
 *(.data*)
 .data.states_list
                0x0000000020000000       0x58 ./Core/Pong/pong.o
 .data.SystemCoreClock
                0x0000000020000058        0x4 ./Core/Src/system_stm32l1xx.o
                0x0000000020000058                SystemCoreClock
 .data.digits_registers
                0x000000002000005c        0x8 ./Drivers/MAX7219/max7219.o
 .data.display_state.0
                0x0000000020000064        0x1 ./Drivers/MAX7219/max7219.o
 *fill*         0x0000000020000065        0x3 
 .data.uwTickPrio
                0x0000000020000068        0x4 ./Drivers/STM32L1xx_HAL_Driver/Src/stm32l1xx_hal.o
                0x0000000020000068                uwTickPrio
 .data.uwTickFreq
                0x000000002000006c        0x4 ./Drivers/STM32L1xx_HAL_Driver/Src/stm32l1xx_hal.o
                0x000000002000006c                uwTickFreq
 *(.RamFunc)
 *(.RamFunc*)
                0x0000000020000070                . = ALIGN (0x4)
                0x0000000020000070                _edata = .

.igot.plt       0x0000000020000070        0x0 load address 0x000000000800485c
 .igot.plt      0x0000000020000070        0x0 c:/st/stm32cubeide_1.11.0/stm32cubeide/plugins/com.st.stm32cube.ide.mcu.externaltools.gnu-tools-for-stm32.10.3-2021.10.win32_1.0.200.202301161003/tools/bin/../lib/gcc/arm-none-eabi/10.3.1/thumb/v7-m/nofp/crtbegin.o
                0x0000000020000070                . = ALIGN (0x4)

.bss            0x0000000020000070      0x170 load address 0x000000000800485c
                0x0000000020000070                _sbss = .
                0x0000000020000070                __bss_start__ = _sbss
 *(.bss)
 .bss           0x0000000020000070       0x1c c:/st/stm32cubeide_1.11.0/stm32cubeide/plugins/com.st.stm32cube.ide.mcu.externaltools.gnu-tools-for-stm32.10.3-2021.10.win32_1.0.200.202301161003/tools/bin/../lib/gcc/arm-none-eabi/10.3.1/thumb/v7-m/nofp/crtbegin.o
 *(.bss*)
 .bss.pong_handle
                0x000000002000008c        0x4 ./Core/Pong/pong.o
 .bss.fsm_handle
                0x0000000020000090        0x4 ./Core/Pong/pong.o
 .bss.buffer7.8
                0x0000000020000094        0x4 ./Core/Pong/pong.o
 .bss.cnt.7     0x0000000020000098        0x4 ./Core/Pong/pong.o
 .bss.display_state.6
                0x000000002000009c        0x1 ./Core/Pong/pong.o
 *fill*         0x000000002000009d        0x3 
 .bss.bufferL.5
                0x00000000200000a0        0x4 ./Core/Pong/pong.o
 .bss.bufferL.4
                0x00000000200000a4        0x4 ./Core/Pong/pong.o
 .bss.buffer7.3
                0x00000000200000a8        0x4 ./Core/Pong/pong.o
 .bss.shift_state.2
                0x00000000200000ac        0x1 ./Core/Pong/pong.o
 *fill*         0x00000000200000ad        0x3 
 .bss.buffer7.1
                0x00000000200000b0        0x4 ./Core/Pong/pong.o
 .bss.shift_state.0
                0x00000000200000b4        0x1 ./Core/Pong/pong.o
 *fill*         0x00000000200000b5        0x3 
 .bss.hspi1     0x00000000200000b8       0x58 ./Core/Src/main.o
                0x00000000200000b8                hspi1
 .bss.htim3     0x0000000020000110       0x40 ./Core/Src/main.o
                0x0000000020000110                htim3
 .bss.htim4     0x0000000020000150       0x40 ./Core/Src/main.o
                0x0000000020000150                htim4
 .bss.htim2     0x0000000020000190       0x40 ./Core/Src/stm32l1xx_hal_timebase_tim.o
                0x0000000020000190                htim2
 .bss.led_array
                0x00000000200001d0        0x4 ./Drivers/LED-Array/led_array.o
 .bss.max7219_handle
                0x00000000200001d4        0x4 ./Drivers/MAX7219/max7219.o
 .bss.uwTick    0x00000000200001d8        0x4 ./Drivers/STM32L1xx_HAL_Driver/Src/stm32l1xx_hal.o
                0x00000000200001d8                uwTick
 .bss.timer_handler
                0x00000000200001dc        0x4 ./Drivers/Timer/timer.o
 *(COMMON)
                0x00000000200001e0                . = ALIGN (0x4)
                0x00000000200001e0                _ebss = .
                0x00000000200001e0                __bss_end__ = _ebss

._user_heap_stack
                0x00000000200001e0      0x600 load address 0x000000000800485c
                0x00000000200001e0                . = ALIGN (0x8)
                [!provide]                        PROVIDE (end = .)
                0x00000000200001e0                PROVIDE (_end = .)
                0x00000000200003e0                . = (. + _Min_Heap_Size)
 *fill*         0x00000000200001e0      0x200 
                0x00000000200007e0                . = (. + _Min_Stack_Size)
 *fill*         0x00000000200003e0      0x400 
                0x00000000200007e0                . = ALIGN (0x8)

/DISCARD/
 libc.a(*)
 libm.a(*)
 libgcc.a(*)

.ARM.attributes
                0x0000000000000000       0x29
 *(.ARM.attributes)
 .ARM.attributes
                0x0000000000000000       0x1d c:/st/stm32cubeide_1.11.0/stm32cubeide/plugins/com.st.stm32cube.ide.mcu.externaltools.gnu-tools-for-stm32.10.3-2021.10.win32_1.0.200.202301161003/tools/bin/../lib/gcc/arm-none-eabi/10.3.1/thumb/v7-m/nofp/crti.o
 .ARM.attributes
                0x000000000000001d       0x2d c:/st/stm32cubeide_1.11.0/stm32cubeide/plugins/com.st.stm32cube.ide.mcu.externaltools.gnu-tools-for-stm32.10.3-2021.10.win32_1.0.200.202301161003/tools/bin/../lib/gcc/arm-none-eabi/10.3.1/thumb/v7-m/nofp/crtbegin.o
 .ARM.attributes
                0x000000000000004a       0x2d ./Core/Pong/pong.o
 .ARM.attributes
                0x0000000000000077       0x2d ./Core/Src/main.o
 .ARM.attributes
                0x00000000000000a4       0x2d ./Core/Src/stm32l1xx_hal_msp.o
 .ARM.attributes
                0x00000000000000d1       0x2d ./Core/Src/stm32l1xx_hal_timebase_tim.o
 .ARM.attributes
                0x00000000000000fe       0x2d ./Core/Src/stm32l1xx_it.o
 .ARM.attributes
                0x000000000000012b       0x2d ./Core/Src/system_stm32l1xx.o
 .ARM.attributes
                0x0000000000000158       0x21 ./Core/Startup/startup_stm32l152retx.o
 .ARM.attributes
                0x0000000000000179       0x2d ./Drivers/LED-Array/led_array.o
 .ARM.attributes
                0x00000000000001a6       0x2d ./Drivers/MAX7219/max7219.o
 .ARM.attributes
                0x00000000000001d3       0x2d ./Drivers/STM32L1xx_HAL_Driver/Src/stm32l1xx_hal.o
 .ARM.attributes
                0x0000000000000200       0x2d ./Drivers/STM32L1xx_HAL_Driver/Src/stm32l1xx_hal_cortex.o
 .ARM.attributes
                0x000000000000022d       0x2d ./Drivers/STM32L1xx_HAL_Driver/Src/stm32l1xx_hal_gpio.o
 .ARM.attributes
                0x000000000000025a       0x2d ./Drivers/STM32L1xx_HAL_Driver/Src/stm32l1xx_hal_rcc.o
 .ARM.attributes
                0x0000000000000287       0x2d ./Drivers/STM32L1xx_HAL_Driver/Src/stm32l1xx_hal_spi.o
 .ARM.attributes
                0x00000000000002b4       0x2d ./Drivers/STM32L1xx_HAL_Driver/Src/stm32l1xx_hal_tim.o
 .ARM.attributes
                0x00000000000002e1       0x2d ./Drivers/STM32L1xx_HAL_Driver/Src/stm32l1xx_hal_tim_ex.o
 .ARM.attributes
                0x000000000000030e       0x2d ./Drivers/Timer/timer.o
 .ARM.attributes
                0x000000000000033b       0x2d c:/st/stm32cubeide_1.11.0/stm32cubeide/plugins/com.st.stm32cube.ide.mcu.externaltools.gnu-tools-for-stm32.10.3-2021.10.win32_1.0.200.202301161003/tools/bin/../lib/gcc/arm-none-eabi/10.3.1/../../../../arm-none-eabi/lib/thumb/v7-m/nofp\libc_nano.a(lib_a-init.o)
 .ARM.attributes
                0x0000000000000368       0x2d c:/st/stm32cubeide_1.11.0/stm32cubeide/plugins/com.st.stm32cube.ide.mcu.externaltools.gnu-tools-for-stm32.10.3-2021.10.win32_1.0.200.202301161003/tools/bin/../lib/gcc/arm-none-eabi/10.3.1/../../../../arm-none-eabi/lib/thumb/v7-m/nofp\libc_nano.a(lib_a-memset.o)
 .ARM.attributes
                0x0000000000000395       0x1d c:/st/stm32cubeide_1.11.0/stm32cubeide/plugins/com.st.stm32cube.ide.mcu.externaltools.gnu-tools-for-stm32.10.3-2021.10.win32_1.0.200.202301161003/tools/bin/../lib/gcc/arm-none-eabi/10.3.1/thumb/v7-m/nofp\libgcc.a(_aeabi_uldivmod.o)
 .ARM.attributes
                0x00000000000003b2       0x2d c:/st/stm32cubeide_1.11.0/stm32cubeide/plugins/com.st.stm32cube.ide.mcu.externaltools.gnu-tools-for-stm32.10.3-2021.10.win32_1.0.200.202301161003/tools/bin/../lib/gcc/arm-none-eabi/10.3.1/thumb/v7-m/nofp\libgcc.a(_udivmoddi4.o)
 .ARM.attributes
                0x00000000000003df       0x1d c:/st/stm32cubeide_1.11.0/stm32cubeide/plugins/com.st.stm32cube.ide.mcu.externaltools.gnu-tools-for-stm32.10.3-2021.10.win32_1.0.200.202301161003/tools/bin/../lib/gcc/arm-none-eabi/10.3.1/thumb/v7-m/nofp\libgcc.a(_dvmd_tls.o)
 .ARM.attributes
                0x00000000000003fc       0x1d c:/st/stm32cubeide_1.11.0/stm32cubeide/plugins/com.st.stm32cube.ide.mcu.externaltools.gnu-tools-for-stm32.10.3-2021.10.win32_1.0.200.202301161003/tools/bin/../lib/gcc/arm-none-eabi/10.3.1/thumb/v7-m/nofp/crtn.o
OUTPUT(Pong.elf elf32-littlearm)
LOAD linker stubs
LOAD c:/st/stm32cubeide_1.11.0/stm32cubeide/plugins/com.st.stm32cube.ide.mcu.externaltools.gnu-tools-for-stm32.10.3-2021.10.win32_1.0.200.202301161003/tools/bin/../lib/gcc/arm-none-eabi/10.3.1/../../../../arm-none-eabi/lib/thumb/v7-m/nofp\libc.a
LOAD c:/st/stm32cubeide_1.11.0/stm32cubeide/plugins/com.st.stm32cube.ide.mcu.externaltools.gnu-tools-for-stm32.10.3-2021.10.win32_1.0.200.202301161003/tools/bin/../lib/gcc/arm-none-eabi/10.3.1/../../../../arm-none-eabi/lib/thumb/v7-m/nofp\libm.a
LOAD c:/st/stm32cubeide_1.11.0/stm32cubeide/plugins/com.st.stm32cube.ide.mcu.externaltools.gnu-tools-for-stm32.10.3-2021.10.win32_1.0.200.202301161003/tools/bin/../lib/gcc/arm-none-eabi/10.3.1/thumb/v7-m/nofp\libgcc.a

.debug_info     0x0000000000000000     0xcf87
 .debug_info    0x0000000000000000     0x11bd ./Core/Pong/pong.o
 .debug_info    0x00000000000011bd     0x1a11 ./Core/Src/main.o
 .debug_info    0x0000000000002bce      0xed1 ./Core/Src/stm32l1xx_hal_msp.o
 .debug_info    0x0000000000003a9f      0xa64 ./Core/Src/stm32l1xx_hal_timebase_tim.o
 .debug_info    0x0000000000004503      0x727 ./Core/Src/stm32l1xx_it.o
 .debug_info    0x0000000000004c2a      0x2a7 ./Core/Src/system_stm32l1xx.o
 .debug_info    0x0000000000004ed1       0x22 ./Core/Startup/startup_stm32l152retx.o
 .debug_info    0x0000000000004ef3      0x37c ./Drivers/LED-Array/led_array.o
 .debug_info    0x000000000000526f      0xa02 ./Drivers/MAX7219/max7219.o
 .debug_info    0x0000000000005c71      0x726 ./Drivers/STM32L1xx_HAL_Driver/Src/stm32l1xx_hal.o
 .debug_info    0x0000000000006397      0xd85 ./Drivers/STM32L1xx_HAL_Driver/Src/stm32l1xx_hal_cortex.o
 .debug_info    0x000000000000711c      0x635 ./Drivers/STM32L1xx_HAL_Driver/Src/stm32l1xx_hal_gpio.o
 .debug_info    0x0000000000007751      0x9e7 ./Drivers/STM32L1xx_HAL_Driver/Src/stm32l1xx_hal_rcc.o
 .debug_info    0x0000000000008138     0x1710 ./Drivers/STM32L1xx_HAL_Driver/Src/stm32l1xx_hal_spi.o
 .debug_info    0x0000000000009848     0x2859 ./Drivers/STM32L1xx_HAL_Driver/Src/stm32l1xx_hal_tim.o
 .debug_info    0x000000000000c0a1      0x6eb ./Drivers/STM32L1xx_HAL_Driver/Src/stm32l1xx_hal_tim_ex.o
 .debug_info    0x000000000000c78c      0x7fb ./Drivers/Timer/timer.o

.debug_abbrev   0x0000000000000000     0x2275
 .debug_abbrev  0x0000000000000000      0x2c0 ./Core/Pong/pong.o
 .debug_abbrev  0x00000000000002c0      0x39e ./Core/Src/main.o
 .debug_abbrev  0x000000000000065e      0x1cc ./Core/Src/stm32l1xx_hal_msp.o
 .debug_abbrev  0x000000000000082a      0x1e6 ./Core/Src/stm32l1xx_hal_timebase_tim.o
 .debug_abbrev  0x0000000000000a10      0x171 ./Core/Src/stm32l1xx_it.o
 .debug_abbrev  0x0000000000000b81      0x116 ./Core/Src/system_stm32l1xx.o
 .debug_abbrev  0x0000000000000c97       0x12 ./Core/Startup/startup_stm32l152retx.o
 .debug_abbrev  0x0000000000000ca9      0x1b3 ./Drivers/LED-Array/led_array.o
 .debug_abbrev  0x0000000000000e5c      0x236 ./Drivers/MAX7219/max7219.o
 .debug_abbrev  0x0000000000001092      0x26c ./Drivers/STM32L1xx_HAL_Driver/Src/stm32l1xx_hal.o
 .debug_abbrev  0x00000000000012fe      0x316 ./Drivers/STM32L1xx_HAL_Driver/Src/stm32l1xx_hal_cortex.o
 .debug_abbrev  0x0000000000001614      0x1c4 ./Drivers/STM32L1xx_HAL_Driver/Src/stm32l1xx_hal_gpio.o
 .debug_abbrev  0x00000000000017d8      0x2b0 ./Drivers/STM32L1xx_HAL_Driver/Src/stm32l1xx_hal_rcc.o
 .debug_abbrev  0x0000000000001a88      0x26e ./Drivers/STM32L1xx_HAL_Driver/Src/stm32l1xx_hal_spi.o
 .debug_abbrev  0x0000000000001cf6      0x248 ./Drivers/STM32L1xx_HAL_Driver/Src/stm32l1xx_hal_tim.o
 .debug_abbrev  0x0000000000001f3e      0x155 ./Drivers/STM32L1xx_HAL_Driver/Src/stm32l1xx_hal_tim_ex.o
 .debug_abbrev  0x0000000000002093      0x1e2 ./Drivers/Timer/timer.o

.debug_aranges  0x0000000000000000      0xbd8
 .debug_aranges
                0x0000000000000000       0x90 ./Core/Pong/pong.o
 .debug_aranges
                0x0000000000000090       0x68 ./Core/Src/main.o
 .debug_aranges
                0x00000000000000f8       0x58 ./Core/Src/stm32l1xx_hal_msp.o
 .debug_aranges
                0x0000000000000150       0x30 ./Core/Src/stm32l1xx_hal_timebase_tim.o
 .debug_aranges
                0x0000000000000180       0x78 ./Core/Src/stm32l1xx_it.o
 .debug_aranges
                0x00000000000001f8       0x28 ./Core/Src/system_stm32l1xx.o
 .debug_aranges
                0x0000000000000220       0x28 ./Core/Startup/startup_stm32l152retx.o
 .debug_aranges
                0x0000000000000248       0x48 ./Drivers/LED-Array/led_array.o
 .debug_aranges
                0x0000000000000290       0x60 ./Drivers/MAX7219/max7219.o
 .debug_aranges
                0x00000000000002f0       0xe0 ./Drivers/STM32L1xx_HAL_Driver/Src/stm32l1xx_hal.o
 .debug_aranges
                0x00000000000003d0      0x118 ./Drivers/STM32L1xx_HAL_Driver/Src/stm32l1xx_hal_cortex.o
 .debug_aranges
                0x00000000000004e8       0x58 ./Drivers/STM32L1xx_HAL_Driver/Src/stm32l1xx_hal_gpio.o
 .debug_aranges
                0x0000000000000540       0x90 ./Drivers/STM32L1xx_HAL_Driver/Src/stm32l1xx_hal_rcc.o
 .debug_aranges
                0x00000000000005d0      0x1d0 ./Drivers/STM32L1xx_HAL_Driver/Src/stm32l1xx_hal_spi.o
 .debug_aranges
                0x00000000000007a0      0x3d0 ./Drivers/STM32L1xx_HAL_Driver/Src/stm32l1xx_hal_tim.o
 .debug_aranges
                0x0000000000000b70       0x28 ./Drivers/STM32L1xx_HAL_Driver/Src/stm32l1xx_hal_tim_ex.o
 .debug_aranges
                0x0000000000000b98       0x40 ./Drivers/Timer/timer.o

.debug_ranges   0x0000000000000000      0xad0
 .debug_ranges  0x0000000000000000       0x80 ./Core/Pong/pong.o
 .debug_ranges  0x0000000000000080       0x58 ./Core/Src/main.o
 .debug_ranges  0x00000000000000d8       0x48 ./Core/Src/stm32l1xx_hal_msp.o
 .debug_ranges  0x0000000000000120       0x20 ./Core/Src/stm32l1xx_hal_timebase_tim.o
 .debug_ranges  0x0000000000000140       0x68 ./Core/Src/stm32l1xx_it.o
 .debug_ranges  0x00000000000001a8       0x18 ./Core/Src/system_stm32l1xx.o
 .debug_ranges  0x00000000000001c0       0x20 ./Core/Startup/startup_stm32l152retx.o
 .debug_ranges  0x00000000000001e0       0x38 ./Drivers/LED-Array/led_array.o
 .debug_ranges  0x0000000000000218       0x50 ./Drivers/MAX7219/max7219.o
 .debug_ranges  0x0000000000000268       0xd0 ./Drivers/STM32L1xx_HAL_Driver/Src/stm32l1xx_hal.o
 .debug_ranges  0x0000000000000338      0x108 ./Drivers/STM32L1xx_HAL_Driver/Src/stm32l1xx_hal_cortex.o
 .debug_ranges  0x0000000000000440       0x48 ./Drivers/STM32L1xx_HAL_Driver/Src/stm32l1xx_hal_gpio.o
 .debug_ranges  0x0000000000000488       0x80 ./Drivers/STM32L1xx_HAL_Driver/Src/stm32l1xx_hal_rcc.o
 .debug_ranges  0x0000000000000508      0x1c0 ./Drivers/STM32L1xx_HAL_Driver/Src/stm32l1xx_hal_spi.o
 .debug_ranges  0x00000000000006c8      0x3c0 ./Drivers/STM32L1xx_HAL_Driver/Src/stm32l1xx_hal_tim.o
 .debug_ranges  0x0000000000000a88       0x18 ./Drivers/STM32L1xx_HAL_Driver/Src/stm32l1xx_hal_tim_ex.o
 .debug_ranges  0x0000000000000aa0       0x30 ./Drivers/Timer/timer.o

.debug_macro    0x0000000000000000    0x16fe0
 .debug_macro   0x0000000000000000      0x3b0 ./Core/Pong/pong.o
 .debug_macro   0x00000000000003b0      0xa6c ./Core/Pong/pong.o
 .debug_macro   0x0000000000000e1c      0x10f ./Core/Pong/pong.o
 .debug_macro   0x0000000000000f2b       0x2e ./Core/Pong/pong.o
 .debug_macro   0x0000000000000f59       0x22 ./Core/Pong/pong.o
 .debug_macro   0x0000000000000f7b       0x22 ./Core/Pong/pong.o
 .debug_macro   0x0000000000000f9d       0x8e ./Core/Pong/pong.o
 .debug_macro   0x000000000000102b       0x51 ./Core/Pong/pong.o
 .debug_macro   0x000000000000107c      0x103 ./Core/Pong/pong.o
 .debug_macro   0x000000000000117f       0x6a ./Core/Pong/pong.o
 .debug_macro   0x00000000000011e9      0x1df ./Core/Pong/pong.o
 .debug_macro   0x00000000000013c8       0x1c ./Core/Pong/pong.o
 .debug_macro   0x00000000000013e4       0x22 ./Core/Pong/pong.o
 .debug_macro   0x0000000000001406       0xbd ./Core/Pong/pong.o
 .debug_macro   0x00000000000014c3      0xe49 ./Core/Pong/pong.o
 .debug_macro   0x000000000000230c      0x11f ./Core/Pong/pong.o
 .debug_macro   0x000000000000242b     0xb540 ./Core/Pong/pong.o
 .debug_macro   0x000000000000d96b       0x6d ./Core/Pong/pong.o
 .debug_macro   0x000000000000d9d8     0x34ca ./Core/Pong/pong.o
 .debug_macro   0x0000000000010ea2      0x174 ./Core/Pong/pong.o
 .debug_macro   0x0000000000011016       0x5b ./Core/Pong/pong.o
 .debug_macro   0x0000000000011071      0xe38 ./Core/Pong/pong.o
 .debug_macro   0x0000000000011ea9      0x35b ./Core/Pong/pong.o
 .debug_macro   0x0000000000012204      0x1b9 ./Core/Pong/pong.o
 .debug_macro   0x00000000000123bd       0xc5 ./Core/Pong/pong.o
 .debug_macro   0x0000000000012482      0x21e ./Core/Pong/pong.o
 .debug_macro   0x00000000000126a0      0x236 ./Core/Pong/pong.o
 .debug_macro   0x00000000000128d6      0x10f ./Core/Pong/pong.o
 .debug_macro   0x00000000000129e5      0x567 ./Core/Pong/pong.o
 .debug_macro   0x0000000000012f4c      0x1e9 ./Core/Pong/pong.o
 .debug_macro   0x0000000000013135       0x22 ./Core/Pong/pong.o
 .debug_macro   0x0000000000013157      0x225 ./Core/Pong/pong.o
 .debug_macro   0x000000000001337c      0x76c ./Core/Pong/pong.o
 .debug_macro   0x0000000000013ae8       0xac ./Core/Pong/pong.o
 .debug_macro   0x0000000000013b94      0x170 ./Core/Pong/pong.o
 .debug_macro   0x0000000000013d04      0x492 ./Core/Pong/pong.o
 .debug_macro   0x0000000000014196       0x10 ./Core/Pong/pong.o
 .debug_macro   0x00000000000141a6       0x7c ./Core/Pong/pong.o
 .debug_macro   0x0000000000014222       0x52 ./Core/Pong/pong.o
 .debug_macro   0x0000000000014274       0x18 ./Core/Pong/pong.o
 .debug_macro   0x000000000001428c       0x3c ./Core/Pong/pong.o
 .debug_macro   0x00000000000142c8       0x34 ./Core/Pong/pong.o
 .debug_macro   0x00000000000142fc       0x16 ./Core/Pong/pong.o
 .debug_macro   0x0000000000014312       0x35 ./Core/Pong/pong.o
 .debug_macro   0x0000000000014347      0x341 ./Core/Pong/pong.o
 .debug_macro   0x0000000000014688       0x10 ./Core/Pong/pong.o
 .debug_macro   0x0000000000014698       0x16 ./Core/Pong/pong.o
 .debug_macro   0x00000000000146ae       0x43 ./Core/Pong/pong.o
 .debug_macro   0x00000000000146f1       0x34 ./Core/Pong/pong.o
 .debug_macro   0x0000000000014725       0x10 ./Core/Pong/pong.o
 .debug_macro   0x0000000000014735       0x58 ./Core/Pong/pong.o
 .debug_macro   0x000000000001478d       0x71 ./Core/Pong/pong.o
 .debug_macro   0x00000000000147fe       0x1c ./Core/Pong/pong.o
 .debug_macro   0x000000000001481a      0x12a ./Core/Pong/pong.o
 .debug_macro   0x0000000000014944       0x10 ./Core/Pong/pong.o
 .debug_macro   0x0000000000014954       0x1c ./Core/Pong/pong.o
 .debug_macro   0x0000000000014970       0x52 ./Core/Pong/pong.o
 .debug_macro   0x00000000000149c2       0x22 ./Core/Pong/pong.o
 .debug_macro   0x00000000000149e4       0x10 ./Core/Pong/pong.o
 .debug_macro   0x00000000000149f4       0x52 ./Core/Pong/pong.o
 .debug_macro   0x0000000000014a46       0xd5 ./Core/Pong/pong.o
 .debug_macro   0x0000000000014b1b       0x1c ./Core/Pong/pong.o
 .debug_macro   0x0000000000014b37       0x3d ./Core/Pong/pong.o
 .debug_macro   0x0000000000014b74       0x16 ./Core/Pong/pong.o
 .debug_macro   0x0000000000014b8a      0x145 ./Core/Pong/pong.o
 .debug_macro   0x0000000000014ccf       0x16 ./Core/Pong/pong.o
 .debug_macro   0x0000000000014ce5       0x16 ./Core/Pong/pong.o
 .debug_macro   0x0000000000014cfb       0x29 ./Core/Pong/pong.o
 .debug_macro   0x0000000000014d24       0x16 ./Core/Pong/pong.o
 .debug_macro   0x0000000000014d3a       0x20 ./Core/Pong/pong.o
 .debug_macro   0x0000000000014d5a       0x94 ./Core/Pong/pong.o
 .debug_macro   0x0000000000014dee       0x10 ./Core/Pong/pong.o
 .debug_macro   0x0000000000014dfe      0x3b0 ./Core/Src/main.o
 .debug_macro   0x00000000000151ae      0x3b0 ./Core/Src/stm32l1xx_hal_msp.o
 .debug_macro   0x000000000001555e      0x1af ./Core/Src/stm32l1xx_hal_timebase_tim.o
 .debug_macro   0x000000000001570d      0x3ba ./Core/Src/stm32l1xx_it.o
 .debug_macro   0x0000000000015ac7      0x1af ./Core/Src/system_stm32l1xx.o
 .debug_macro   0x0000000000015c76      0x1bf ./Drivers/LED-Array/led_array.o
 .debug_macro   0x0000000000015e35      0x1ca ./Drivers/MAX7219/max7219.o
 .debug_macro   0x0000000000015fff       0x76 ./Drivers/MAX7219/max7219.o
 .debug_macro   0x0000000000016075      0x1d3 ./Drivers/STM32L1xx_HAL_Driver/Src/stm32l1xx_hal.o
 .debug_macro   0x0000000000016248      0x1af ./Drivers/STM32L1xx_HAL_Driver/Src/stm32l1xx_hal_cortex.o
 .debug_macro   0x00000000000163f7      0x1b6 ./Drivers/STM32L1xx_HAL_Driver/Src/stm32l1xx_hal_gpio.o
 .debug_macro   0x00000000000165ad      0x1c1 ./Drivers/STM32L1xx_HAL_Driver/Src/stm32l1xx_hal_rcc.o
 .debug_macro   0x000000000001676e      0x1be ./Drivers/STM32L1xx_HAL_Driver/Src/stm32l1xx_hal_spi.o
 .debug_macro   0x000000000001692c      0x1b0 ./Drivers/STM32L1xx_HAL_Driver/Src/stm32l1xx_hal_tim.o
 .debug_macro   0x0000000000016adc      0x1af ./Drivers/STM32L1xx_HAL_Driver/Src/stm32l1xx_hal_tim_ex.o
 .debug_macro   0x0000000000016c8b      0x355 ./Drivers/Timer/timer.o

.debug_line     0x0000000000000000     0xdd71
 .debug_line    0x0000000000000000     0x11b8 ./Core/Pong/pong.o
 .debug_line    0x00000000000011b8      0xc5c ./Core/Src/main.o
 .debug_line    0x0000000000001e14      0xaba ./Core/Src/stm32l1xx_hal_msp.o
 .debug_line    0x00000000000028ce      0x722 ./Core/Src/stm32l1xx_hal_timebase_tim.o
 .debug_line    0x0000000000002ff0      0xad0 ./Core/Src/stm32l1xx_it.o
 .debug_line    0x0000000000003ac0      0x749 ./Core/Src/system_stm32l1xx.o
 .debug_line    0x0000000000004209       0x87 ./Core/Startup/startup_stm32l152retx.o
 .debug_line    0x0000000000004290      0x7e5 ./Drivers/LED-Array/led_array.o
 .debug_line    0x0000000000004a75      0x9aa ./Drivers/MAX7219/max7219.o
 .debug_line    0x000000000000541f      0x96c ./Drivers/STM32L1xx_HAL_Driver/Src/stm32l1xx_hal.o
 .debug_line    0x0000000000005d8b      0xc39 ./Drivers/STM32L1xx_HAL_Driver/Src/stm32l1xx_hal_cortex.o
 .debug_line    0x00000000000069c4      0x9e6 ./Drivers/STM32L1xx_HAL_Driver/Src/stm32l1xx_hal_gpio.o
 .debug_line    0x00000000000073aa      0xe74 ./Drivers/STM32L1xx_HAL_Driver/Src/stm32l1xx_hal_rcc.o
 .debug_line    0x000000000000821e     0x1c18 ./Drivers/STM32L1xx_HAL_Driver/Src/stm32l1xx_hal_spi.o
 .debug_line    0x0000000000009e36     0x2e30 ./Drivers/STM32L1xx_HAL_Driver/Src/stm32l1xx_hal_tim.o
 .debug_line    0x000000000000cc66      0x77b ./Drivers/STM32L1xx_HAL_Driver/Src/stm32l1xx_hal_tim_ex.o
 .debug_line    0x000000000000d3e1      0x990 ./Drivers/Timer/timer.o

.debug_str      0x0000000000000000    0x8bb8c
 .debug_str     0x0000000000000000    0x890c1 ./Core/Pong/pong.o
                                      0x894a5 (size before relaxing)
 .debug_str     0x00000000000890c1      0x937 ./Core/Src/main.o
                                      0x89bc8 (size before relaxing)
 .debug_str     0x00000000000899f8       0xdb ./Core/Src/stm32l1xx_hal_msp.o
                                      0x893ac (size before relaxing)
 .debug_str     0x0000000000089ad3       0xf5 ./Core/Src/stm32l1xx_hal_timebase_tim.o
                                      0x84d7e (size before relaxing)
 .debug_str     0x0000000000089bc8      0x11e ./Core/Src/stm32l1xx_it.o
                                      0x88d7e (size before relaxing)
 .debug_str     0x0000000000089ce6       0x99 ./Core/Src/system_stm32l1xx.o
                                      0x84452 (size before relaxing)
 .debug_str     0x0000000000089d7f       0x36 ./Core/Startup/startup_stm32l152retx.o
                                         0x5c (size before relaxing)
 .debug_str     0x0000000000089db5       0x68 ./Drivers/LED-Array/led_array.o
                                      0x84560 (size before relaxing)
 .debug_str     0x0000000000089e1d      0x181 ./Drivers/MAX7219/max7219.o
                                      0x84ce4 (size before relaxing)
 .debug_str     0x0000000000089f9e      0x2c1 ./Drivers/STM32L1xx_HAL_Driver/Src/stm32l1xx_hal.o
                                      0x84b77 (size before relaxing)
 .debug_str     0x000000000008a25f      0x381 ./Drivers/STM32L1xx_HAL_Driver/Src/stm32l1xx_hal_cortex.o
                                      0x84c51 (size before relaxing)
 .debug_str     0x000000000008a5e0       0xe2 ./Drivers/STM32L1xx_HAL_Driver/Src/stm32l1xx_hal_gpio.o
                                      0x845e5 (size before relaxing)
 .debug_str     0x000000000008a6c2      0x24b ./Drivers/STM32L1xx_HAL_Driver/Src/stm32l1xx_hal_rcc.o
                                      0x8490e (size before relaxing)
 .debug_str     0x000000000008a90d      0x58c ./Drivers/STM32L1xx_HAL_Driver/Src/stm32l1xx_hal_spi.o
                                      0x84d7a (size before relaxing)
 .debug_str     0x000000000008ae99      0xc45 ./Drivers/STM32L1xx_HAL_Driver/Src/stm32l1xx_hal_tim.o
                                      0x8573e (size before relaxing)
 .debug_str     0x000000000008bade       0x57 ./Drivers/STM32L1xx_HAL_Driver/Src/stm32l1xx_hal_tim_ex.o
                                      0x848fa (size before relaxing)
 .debug_str     0x000000000008bb35       0x57 ./Drivers/Timer/timer.o
                                      0x88a82 (size before relaxing)

.comment        0x0000000000000000       0x50
 .comment       0x0000000000000000       0x50 ./Core/Pong/pong.o
                                         0x51 (size before relaxing)
 .comment       0x0000000000000050       0x51 ./Core/Src/main.o
 .comment       0x0000000000000050       0x51 ./Core/Src/stm32l1xx_hal_msp.o
 .comment       0x0000000000000050       0x51 ./Core/Src/stm32l1xx_hal_timebase_tim.o
 .comment       0x0000000000000050       0x51 ./Core/Src/stm32l1xx_it.o
 .comment       0x0000000000000050       0x51 ./Core/Src/system_stm32l1xx.o
 .comment       0x0000000000000050       0x51 ./Drivers/LED-Array/led_array.o
 .comment       0x0000000000000050       0x51 ./Drivers/MAX7219/max7219.o
 .comment       0x0000000000000050       0x51 ./Drivers/STM32L1xx_HAL_Driver/Src/stm32l1xx_hal.o
 .comment       0x0000000000000050       0x51 ./Drivers/STM32L1xx_HAL_Driver/Src/stm32l1xx_hal_cortex.o
 .comment       0x0000000000000050       0x51 ./Drivers/STM32L1xx_HAL_Driver/Src/stm32l1xx_hal_gpio.o
 .comment       0x0000000000000050       0x51 ./Drivers/STM32L1xx_HAL_Driver/Src/stm32l1xx_hal_rcc.o
 .comment       0x0000000000000050       0x51 ./Drivers/STM32L1xx_HAL_Driver/Src/stm32l1xx_hal_spi.o
 .comment       0x0000000000000050       0x51 ./Drivers/STM32L1xx_HAL_Driver/Src/stm32l1xx_hal_tim.o
 .comment       0x0000000000000050       0x51 ./Drivers/STM32L1xx_HAL_Driver/Src/stm32l1xx_hal_tim_ex.o
 .comment       0x0000000000000050       0x51 ./Drivers/Timer/timer.o

.debug_frame    0x0000000000000000     0x2fd0
 .debug_frame   0x0000000000000000      0x1ec ./Core/Pong/pong.o
 .debug_frame   0x00000000000001ec      0x168 ./Core/Src/main.o
 .debug_frame   0x0000000000000354      0x13c ./Core/Src/stm32l1xx_hal_msp.o
 .debug_frame   0x0000000000000490       0x74 ./Core/Src/stm32l1xx_hal_timebase_tim.o
 .debug_frame   0x0000000000000504      0x15c ./Core/Src/stm32l1xx_it.o
 .debug_frame   0x0000000000000660       0x58 ./Core/Src/system_stm32l1xx.o
 .debug_frame   0x00000000000006b8       0xe4 ./Drivers/LED-Array/led_array.o
 .debug_frame   0x000000000000079c      0x154 ./Drivers/MAX7219/max7219.o
 .debug_frame   0x00000000000008f0      0x33c ./Drivers/STM32L1xx_HAL_Driver/Src/stm32l1xx_hal.o
 .debug_frame   0x0000000000000c2c      0x498 ./Drivers/STM32L1xx_HAL_Driver/Src/stm32l1xx_hal_cortex.o
 .debug_frame   0x00000000000010c4      0x14c ./Drivers/STM32L1xx_HAL_Driver/Src/stm32l1xx_hal_gpio.o
 .debug_frame   0x0000000000001210      0x224 ./Drivers/STM32L1xx_HAL_Driver/Src/stm32l1xx_hal_rcc.o
 .debug_frame   0x0000000000001434      0x824 ./Drivers/STM32L1xx_HAL_Driver/Src/stm32l1xx_hal_spi.o
 .debug_frame   0x0000000000001c58     0x11b4 ./Drivers/STM32L1xx_HAL_Driver/Src/stm32l1xx_hal_tim.o
 .debug_frame   0x0000000000002e0c       0x60 ./Drivers/STM32L1xx_HAL_Driver/Src/stm32l1xx_hal_tim_ex.o
 .debug_frame   0x0000000000002e6c       0xb8 ./Drivers/Timer/timer.o
 .debug_frame   0x0000000000002f24       0x2c c:/st/stm32cubeide_1.11.0/stm32cubeide/plugins/com.st.stm32cube.ide.mcu.externaltools.gnu-tools-for-stm32.10.3-2021.10.win32_1.0.200.202301161003/tools/bin/../lib/gcc/arm-none-eabi/10.3.1/../../../../arm-none-eabi/lib/thumb/v7-m/nofp\libc_nano.a(lib_a-init.o)
 .debug_frame   0x0000000000002f50       0x20 c:/st/stm32cubeide_1.11.0/stm32cubeide/plugins/com.st.stm32cube.ide.mcu.externaltools.gnu-tools-for-stm32.10.3-2021.10.win32_1.0.200.202301161003/tools/bin/../lib/gcc/arm-none-eabi/10.3.1/../../../../arm-none-eabi/lib/thumb/v7-m/nofp\libc_nano.a(lib_a-memset.o)
 .debug_frame   0x0000000000002f70       0x2c c:/st/stm32cubeide_1.11.0/stm32cubeide/plugins/com.st.stm32cube.ide.mcu.externaltools.gnu-tools-for-stm32.10.3-2021.10.win32_1.0.200.202301161003/tools/bin/../lib/gcc/arm-none-eabi/10.3.1/thumb/v7-m/nofp\libgcc.a(_aeabi_uldivmod.o)
 .debug_frame   0x0000000000002f9c       0x34 c:/st/stm32cubeide_1.11.0/stm32cubeide/plugins/com.st.stm32cube.ide.mcu.externaltools.gnu-tools-for-stm32.10.3-2021.10.win32_1.0.200.202301161003/tools/bin/../lib/gcc/arm-none-eabi/10.3.1/thumb/v7-m/nofp\libgcc.a(_udivmoddi4.o)
