../Drivers/CMSIS/Include/core_cm3.h:1876:26:ITM_SendChar	16	static,ignoring_inline_asm
../Core/Src/main.c:65:5:_write	32	static
../Core/Src/main.c:82:5:main	240	static
../Core/Src/main.c:178:6:SystemClock_Config	80	static
../Core/Src/main.c:222:13:MX_SPI1_Init	8	static
../Core/Src/main.c:260:13:MX_TIM3_Init	32	static
../Core/Src/main.c:309:13:MX_TIM4_Init	56	static
../Core/Src/main.c:361:13:MX_GPIO_Init	40	static
../Core/Src/main.c:417:6:HAL_TIM_PeriodElapsedCallback	16	static
../Core/Src/main.c:434:6:Error_Handler	4	static,ignoring_inline_asm
