../Drivers/MAX7219/max7219.c:45:26:max7219_transmit	24	static
../Drivers/MAX7219/max7219.c:66:19:max7219_init	24	static
../Drivers/MAX7219/max7219.c:116:19:max7219_display_no_decode	24	static
../Drivers/MAX7219/max7219.c:146:19:max7219_display_decode	24	static
../Drivers/MAX7219/max7219.c:173:19:max7219_erase_no_decode	16	static
../Drivers/MAX7219/max7219.c:199:19:max7219_erase_decode	16	static
../Drivers/MAX7219/max7219.c:230:19:set_7segment	16	static
../Drivers/MAX7219/max7219.c:245:6:callback_display	8	static
../Drivers/MAX7219/max7219.c:267:19:display_on_7segments	24	static
